<div class="jp-Cell jp-MarkdownCell jp-Notebook-cell">
<div class="jp-Cell-inputWrapper" tabindex="0">
<div class="jp-Collapser jp-InputCollapser jp-Cell-inputCollapser">
 </div>
<div class="jp-InputArea jp-Cell-inputArea">
<div class="jp-InputPrompt jp-InputArea-prompt"></div>
<div class="jp-RenderedMarkdown jp-MarkdownOutput jp-RenderedHTMLCommon" data-mime-type="text/markdown">
<pre># Introduction to the JupyterLab and Jupyter Notebooks

This is a short introduction to two of the flagship tools created by [the Jupyter Community](https://jupyter.org).

## Jupyter Notebooks ðŸ““

**Jupyter Notebooks** are a community standard for communicating and performing interactive computing. They are a document that blends computations, outputs, explanatory text, mathematics, images, and rich media representations of objects.

JupyterLab is one interface used to create and interact with Jupyter Notebooks.

**For an overview of Jupyter Notebooks**, see the **JupyterLab Welcome Tour** on this page, by going to `Help -> Notebook Tour` and following the prompts.

> **See Also**: For a more in-depth tour of Jupyter Notebooks and the Classic Jupyter Notebook interface, see [the Jupyter Notebook IPython tutorial on Binder](https://mybinder.org/v2/gh/ipython/ipython-in-depth/HEAD?urlpath=tree/binder/Index.ipynb).

## An example: visualizing data in the notebook âœ¨

Below is an example of a code cell. We'll visualize some simple data using two popular packages in Python. We'll use [NumPy](https://numpy.org/) to create some random data, and [Matplotlib](https://matplotlib.org) to visualize it.

Note how the code and the results of running the code are bundled together.</pre></div>
</div>
</div>
</div>
<div class="jp-Cell jp-CodeCell jp-Notebook-cell">
<div class="jp-Cell-inputWrapper" tabindex="0">
<div class="jp-Collapser jp-InputCollapser jp-Cell-inputCollapser">
 </div>
<div class="jp-InputArea jp-Cell-inputArea">
<div class="jp-InputPrompt jp-InputArea-prompt">InÂ [5]:</div>
<div class="jp-CodeMirrorEditor jp-Editor jp-InputArea-editor" data-type="inline">
<div class="cm-editor cm-s-jupyter">
<div class="highlight hl-ipython3">
<pre><code class="language-python">from matplotlib import pyplot as plt
import numpy as np

# Generate 100 random data points along 3 dimensions
x, y, scale = np.random.randn(3, 100)
fig, ax = plt.subplots()

# Map each onto a scatterplot we'll create with Matplotlib
ax.scatter(x=x, y=y, c=scale, s=np.abs(scale)*500)
ax.set(title="Some random data, created with JupyterLab!")
plt.show()</code></pre></div>
</div>
</div>
</div>
</div>
<div class="jp-Cell-outputWrapper">
<div class="jp-Collapser jp-OutputCollapser jp-Cell-outputCollapser"></div>
<div class="jp-OutputArea jp-Cell-outputArea">
<div class="jp-OutputPrompt jp-OutputArea-prompt"></div>
<div class="jp-RenderedText jp-OutputArea-output " data-mime-type="text/plain">
<pre>&lt;Figure size 640x480 with 1 Axes&gt;</pre></div>
</div>
</div>
</div>
<div class="jp-Cell jp-RawCell jp-Notebook-cell">
<div class="jp-Cell-inputWrapper" tabindex="0">
<div class="jp-Collapser jp-InputCollapser jp-Cell-inputCollapser">
 </div>
<div class="jp-InputArea jp-Cell-inputArea">
<div class="jp-InputPrompt jp-InputArea-prompt"></div>
</div>
</div>
</div>
<div class="jp-Cell jp-MarkdownCell jp-Notebook-cell">
<div class="jp-Cell-inputWrapper" tabindex="0">
<div class="jp-Collapser jp-InputCollapser jp-Cell-inputCollapser">
 </div>
<div class="jp-InputArea jp-Cell-inputArea">
<div class="jp-InputPrompt jp-InputArea-prompt"></div>
<div class="jp-RenderedMarkdown jp-MarkdownOutput jp-RenderedHTMLCommon" data-mime-type="text/markdown">
<pre># Markdown Cell
## LaTeX Equation
You can also include LaTeX equations directly in Markdown cells:

$$
f(x) = \int_{-\infty}^{\infty} e^{-x^2} dx
$$</pre></div>
</div>
</div>
</div>
<div class="jp-Cell jp-CodeCell jp-Notebook-cell">
<div class="jp-Cell-inputWrapper" tabindex="0">
<div class="jp-Collapser jp-InputCollapser jp-Cell-inputCollapser">
 </div>
<div class="jp-InputArea jp-Cell-inputArea">
<div class="jp-InputPrompt jp-InputArea-prompt">InÂ [7]:</div>
<div class="jp-CodeMirrorEditor jp-Editor jp-InputArea-editor" data-type="inline">
<div class="cm-editor cm-s-jupyter">
<div class="highlight hl-ipython3">
<pre><code class="language-python"># Error cells
# The code below results in an error

d = dict()
print(d["unknown key"])</code></pre></div>
</div>
</div>
</div>
</div>
<div class="jp-Cell-outputWrapper">
<div class="jp-Collapser jp-OutputCollapser jp-Cell-outputCollapser"></div>
<div class="jp-OutputArea jp-Cell-outputArea">
<div class="jp-OutputArea-child">
<div class="jp-OutputPrompt jp-OutputArea-prompt"></div>
<div class="jp-RenderedText jp-OutputArea-output " data-mime-type="application/vnd.jupyter.stderr">
<pre>[0;31m---------------------------------------------------------------------------[0m
[0;31mKeyError[0m                                  Traceback (most recent call last)
Cell [0;32mIn[7], line 5[0m
[1;32m      1[0m [38;5;66;03m# Error cells[39;00m
[1;32m      2[0m [38;5;66;03m# The code below results in an error[39;00m
[1;32m      4[0m d [38;5;241m=[39m [38;5;28mdict[39m()
[0;32m----&gt; 5[0m [38;5;28mprint[39m([43md[49m[43m[[49m[38;5;124;43m&#34;[39;49m[38;5;124;43munknown key[39;49m[38;5;124;43m&#34;[39;49m[43m][49m)

[0;31mKeyError[0m: &#39;unknown key&#39;</pre></div>
</div>
</div>
</div>
</div>
<div class="jp-Cell jp-RawCell jp-Notebook-cell">
<div class="jp-Cell-inputWrapper" tabindex="0">
<div class="jp-Collapser jp-InputCollapser jp-Cell-inputCollapser">
 </div>
<div class="jp-InputArea jp-Cell-inputArea">
<div class="jp-InputPrompt jp-InputArea-prompt"></div>
<h1>Hello, HTML!</h1><p>This is a short example of raw HTML.</p><ul><li>Item 1</li><li>Item 2</li><li>Item 3</li></ul></div>
</div>
</div>
<div class="jp-Cell jp-MarkdownCell jp-Notebook-cell">
<div class="jp-Cell-inputWrapper" tabindex="0">
<div class="jp-Collapser jp-InputCollapser jp-Cell-inputCollapser">
 </div>
<div class="jp-InputArea jp-Cell-inputArea">
<div class="jp-InputPrompt jp-InputArea-prompt"></div>
<div class="jp-RenderedMarkdown jp-MarkdownOutput jp-RenderedHTMLCommon" data-mime-type="text/markdown">
<pre>## Cell attachements
Following are [4 ways to embed images in your Jupyter notebook](https://medium.com/@yogeshkd/four-ways-to-embed-images-in-your-jupyter-notebook-powered-blog-2d28f6d1b6e6):</pre></div>
</div>
</div>
</div>
<div class="jp-Cell jp-CodeCell jp-Notebook-cell">
<div class="jp-Cell-inputWrapper" tabindex="0">
<div class="jp-Collapser jp-InputCollapser jp-Cell-inputCollapser">
 </div>
<div class="jp-InputArea jp-Cell-inputArea">
<div class="jp-InputPrompt jp-InputArea-prompt">InÂ [12]:</div>
<div class="jp-CodeMirrorEditor jp-Editor jp-InputArea-editor" data-type="inline">
<div class="cm-editor cm-s-jupyter">
<div class="highlight hl-ipython3">
<pre><code class="language-python"># Using code
from IPython.display import Image
Image(url="https://images.unsplash.com/photo-1612815292258-f4354f7f5c76?ixid=MXwxMjA3fDB8MHx0b3BpYy1mZWVkfDYwM3w2c01WalRMU2tlUXx8ZW58MHx8fA%3D%3D&ixlib=rb-1.2.1&auto=format&fit=crop&w=800&q=60", height=300)</code></pre></div>
</div>
</div>
</div>
</div>
<div class="jp-Cell-outputWrapper">
<div class="jp-Collapser jp-OutputCollapser jp-Cell-outputCollapser"></div>
<div class="jp-OutputArea jp-Cell-outputArea">
<div class="jp-OutputArea-child jp-OutputArea-executeResult">
<div class="jp-OutputPrompt jp-OutputArea-prompt">OutÂ [12]:</div>
<div class="jp-RenderedHTMLCommon jp-RenderedHTML jp-OutputArea-output jp-OutputArea-executeResult" data-mime-type="text/html">
<img src="https://images.unsplash.com/photo-1612815292258-f4354f7f5c76?ixid=MXwxMjA3fDB8MHx0b3BpYy1mZWVkfDYwM3w2c01WalRMU2tlUXx8ZW58MHx8fA%3D%3D&ixlib=rb-1.2.1&auto=format&fit=crop&w=800&q=60" height="300"/></div>
</div>
</div>
</div>
</div>
<div class="jp-Cell jp-MarkdownCell jp-Notebook-cell">
<div class="jp-Cell-inputWrapper" tabindex="0">
<div class="jp-Collapser jp-InputCollapser jp-Cell-inputCollapser">
 </div>
<div class="jp-InputArea jp-Cell-inputArea">
<div class="jp-InputPrompt jp-InputArea-prompt"></div>
<div class="jp-RenderedMarkdown jp-MarkdownOutput jp-RenderedHTMLCommon" data-mime-type="text/markdown">
<pre>Using Markdown syntax:  
![Waterfall](https://images.unsplash.com/photo-1593322962878-a4b73deb1e39?ixid=MXwxMjA3fDB8MHx0b3BpYy1mZWVkfDc3NHw2c01WalRMU2tlUXx8ZW58MHx8fA%3D%3D&ixlib=rb-1.2.1&auto=format&fit=crop&w=800&q=60)</pre></div>
</div>
</div>
</div>
<div class="jp-Cell jp-MarkdownCell jp-Notebook-cell">
<div class="jp-Cell-inputWrapper" tabindex="0">
<div class="jp-Collapser jp-InputCollapser jp-Cell-inputCollapser">
 </div>
<div class="jp-InputArea jp-Cell-inputArea">
<div class="jp-InputPrompt jp-InputArea-prompt"></div>
<div class="jp-RenderedMarkdown jp-MarkdownOutput jp-RenderedHTMLCommon" data-mime-type="text/markdown">
<pre>With an HTML tag:  
<img src="https://images.unsplash.com/photo-1589652717406-1c69efaf1ff8?ixlib=rb-1.2.1&ixid=MXwxMjA3fDB8MHxwaG90by1wYWdlfHx8fGVufDB8fHw%3D&auto=format&fit=crop&w=1650&q=80" style="height:300px" /></pre></div>
</div>
</div>
</div>
<div class="jp-Cell jp-CodeCell jp-Notebook-cell">
<div class="jp-Cell-inputWrapper" tabindex="0">
<div class="jp-Collapser jp-InputCollapser jp-Cell-inputCollapser">
 </div>
<div class="jp-InputArea jp-Cell-inputArea">
<div class="jp-InputPrompt jp-InputArea-prompt">InÂ [13]:</div>
<div class="jp-CodeMirrorEditor jp-Editor jp-InputArea-editor" data-type="inline">
<div class="cm-editor cm-s-jupyter">
<div class="highlight hl-ipython3">
<pre><code class="language-python">{
    "glossary": {
        "title": "example glossary",
		"GlossDiv": {
            "title": "S",
			"GlossList": {
                "GlossEntry": {
                    "ID": "SGML",
					"SortAs": "SGML",
					"GlossTerm": "Standard Generalized Markup Language",
					"Acronym": "SGML",
					"Abbrev": "ISO 8879:1986",
					"GlossDef": {
                        "para": "A meta-markup language, used to create markup languages such as DocBook.",
						"GlossSeeAlso": ["GML", "XML"]
                    },
					"GlossSee": "markup"
                }
            }
        }
    }
}</code></pre></div>
</div>
</div>
</div>
</div>
<div class="jp-Cell-outputWrapper">
<div class="jp-Collapser jp-OutputCollapser jp-Cell-outputCollapser"></div>
<div class="jp-OutputArea jp-Cell-outputArea">
<div class="jp-OutputArea-child jp-OutputArea-executeResult">
<div class="jp-OutputPrompt jp-OutputArea-prompt">OutÂ [13]:</div>
<div class="jp-RenderedText jp-OutputArea-output jp-OutputArea-executeResult" data-mime-type="text/plain">
<pre>{&#39;glossary&#39;: {&#39;title&#39;: &#39;example glossary&#39;,
  &#39;GlossDiv&#39;: {&#39;title&#39;: &#39;S&#39;,
   &#39;GlossList&#39;: {&#39;GlossEntry&#39;: {&#39;ID&#39;: &#39;SGML&#39;,
     &#39;SortAs&#39;: &#39;SGML&#39;,
     &#39;GlossTerm&#39;: &#39;Standard Generalized Markup Language&#39;,
     &#39;Acronym&#39;: &#39;SGML&#39;,
     &#39;Abbrev&#39;: &#39;ISO 8879:1986&#39;,
     &#39;GlossDef&#39;: {&#39;para&#39;: &#39;A meta-markup language, used to create markup languages such as DocBook.&#39;,
      &#39;GlossSeeAlso&#39;: [&#39;GML&#39;, &#39;XML&#39;]},
     &#39;GlossSee&#39;: &#39;markup&#39;}}}}}</pre></div>
</div>
</div>
</div>
</div>
<div class="jp-Cell jp-CodeCell jp-Notebook-cell">
<div class="jp-Cell-inputWrapper" tabindex="0">
<div class="jp-Collapser jp-InputCollapser jp-Cell-inputCollapser">
 </div>
<div class="jp-InputArea jp-Cell-inputArea">
<div class="jp-InputPrompt jp-InputArea-prompt">InÂ [1]:</div>
<div class="jp-CodeMirrorEditor jp-Editor jp-InputArea-editor" data-type="inline">
<div class="cm-editor cm-s-jupyter">
<div class="highlight hl-ipython3">
<pre><code class="language-python"># This is a code cell that outputs application/json
from IPython.display import JSON
JSON({'a': [1, 2, 3, 4,], 'b': {'inner1': 'helloworld', 'inner2': 'foobar'}})</code></pre></div>
</div>
</div>
</div>
</div>
<div class="jp-Cell-outputWrapper">
<div class="jp-Collapser jp-OutputCollapser jp-Cell-outputCollapser"></div>
<div class="jp-OutputArea jp-Cell-outputArea">
<div class="jp-OutputArea-child jp-OutputArea-executeResult">
<div class="jp-OutputPrompt jp-OutputArea-prompt">OutÂ [1]:</div>
<div class="jp-RenderedText jp-OutputArea-output jp-OutputArea-executeResult" data-mime-type="application/json">
<pre>{&#34;a&#34;:[1,2,3,4],&#34;b&#34;:{&#34;inner1&#34;:&#34;helloworld&#34;,&#34;inner2&#34;:&#34;foobar&#34;}}</pre></div>
</div>
</div>
</div>
</div>
<div class="jp-Cell jp-CodeCell jp-Notebook-cell">
<div class="jp-Cell-inputWrapper" tabindex="0">
<div class="jp-Collapser jp-InputCollapser jp-Cell-inputCollapser">
 </div>
<div class="jp-InputArea jp-Cell-inputArea">
<div class="jp-InputPrompt jp-InputArea-prompt">InÂ [15]:</div>
<div class="jp-CodeMirrorEditor jp-Editor jp-InputArea-editor" data-type="inline">
<div class="cm-editor cm-s-jupyter">
<div class="highlight hl-ipython3">
<pre><code class="language-python">print(tool.run("ls /usr"))</code></pre></div>
</div>
</div>
</div>
</div>
<div class="jp-Cell-outputWrapper">
<div class="jp-Collapser jp-OutputCollapser jp-Cell-outputCollapser"></div>
<div class="jp-OutputArea jp-Cell-outputArea">
<div class="jp-OutputArea-child jp-OutputArea-executeResult">
<div class="jp-OutputPrompt jp-OutputArea-prompt"></div>
<div class="jp-RenderedText jp-OutputArea-output " data-mime-type="text/plain">
<pre>Do you approve of the following input? Anything except &#39;Y&#39;/&#39;Yes&#39; (case-insensitive) will be treated as a no.

ls /usr
yes
[35mX11[m[m
[35mX11R6[m[m
[1m[36mbin[m[m
[1m[36mlib[m[m
[1m[36mlibexec[m[m
[1m[36mlocal[m[m
[1m[36msbin[m[m
[1m[36mshare[m[m
[1m[36mstandalone[m[m

</pre></div>
</div>
</div>
</div>
</div>
<div class="jp-Cell jp-RawCell jp-Notebook-cell">
<div class="jp-Cell-inputWrapper" tabindex="0">
<div class="jp-Collapser jp-InputCollapser jp-Cell-inputCollapser">
 </div>
<div class="jp-InputArea jp-Cell-inputArea">
<div class="jp-InputPrompt jp-InputArea-prompt"></div>
<details><summary>Collapsible HTML</summary><strong>hi, mom!</strong></details></div>
</div>
</div>
